src/components/layout/MainLayout.tsx(1,25): error TS2307: Cannot find module './Sidebar' or its corresponding type declarations.
src/components/ui/dropdown-menu.tsx(2,40): error TS2307: Cannot find module '@radix-ui/react-dropdown-menu' or its corresponding type declarations.
src/pages/Index.tsx(7,27): error TS2307: Cannot find module 'qrcode.react' or its corresponding type declarations.
